eeschema (2013-may-18)-stable  >> Creation date: Thu 17 Jul 2014 06:15:46 PM CDT
#Cmp ( order = Reference ) (with SubCmp)
| C1         33nF        Loc /(X=2.400 ", Y=1.900 ");             
| C2         1.8nF       Loc /(X=1.950 ", Y=2.100 ");             
| C3         100nF       Loc /(X=1.500 ", Y=2.400 ");             
| C4         100nF       Loc /(X=0.900 ", Y=2.700 ");             
| C5         100nF       Loc /(X=0.900 ", Y=2.900 ");             
| C6         100nF       Loc /(X=0.900 ", Y=3.150 ");             
| C7         100nF       Loc /(X=0.900 ", Y=3.300 ");             
| C8         100nF       Loc /(X=0.900 ", Y=3.500 ");             
| C9         100nF       Loc /(X=0.900 ", Y=3.650 ");             
| C10        100nF       Loc /(X=0.900 ", Y=3.850 ");             
| C11        100nF       Loc /(X=0.900 ", Y=4.100 ");             
| C12        100nF       Loc /(X=0.900 ", Y=4.250 ");             
| C13        100nF       Loc /(X=0.900 ", Y=4.450 ");             
| C14        100nF       Loc /(X=0.900 ", Y=4.700 ");             
| C15        100nF       Loc /(X=0.900 ", Y=4.850 ");             
| C16        100nF       Loc /(X=0.900 ", Y=5.050 ");             
| C17        100nF       Loc /(X=0.900 ", Y=5.200 ");             
| C18        100nF       Loc /(X=0.900 ", Y=5.400 ");             
| C19        10uF        Loc /(X=0.950 ", Y=6.050 ");             
| C20        22pF        Loc /(X=3.150 ", Y=6.850 ");             
| C21        22pF        Loc /(X=3.750 ", Y=6.850 ");             
| C22        100nF       Loc /BeagleBone and Cape/(X=9.100 ", Y=5.950 ");             
| P1         Bone_P8     Loc /BeagleBone and Cape/(X=2.850 ", Y=2.800 ");             
| P2         Bone_P9     Loc /BeagleBone and Cape/(X=6.150 ", Y=2.800 ");             
| P3         Cape_P8     Loc /BeagleBone and Cape/(X=2.850 ", Y=5.400 ");             
| P4         Cape_P9     Loc /BeagleBone and Cape/(X=6.150 ", Y=5.400 ");             
| P5         CONN_5X2    Loc /Amplifier and Interface Connectors/(X=2.750 ", Y=1.350 ");             
| P6         CONN_5X2    Loc /Amplifier and Interface Connectors/(X=2.750 ", Y=2.350 ");             
| P7         CONN_5X2    Loc /Amplifier and Interface Connectors/(X=2.750 ", Y=3.350 ");             
| P8         CONN_5X2    Loc /Amplifier and Interface Connectors/(X=2.750 ", Y=4.350 ");             
| P9         CONN_5X2    Loc /Amplifier and Interface Connectors/(X=2.750 ", Y=5.350 ");             
| P10        CONN_5X2    Loc /Amplifier and Interface Connectors/(X=2.750 ", Y=6.350 ");             
| P11        CONN_5X2    Loc /Amplifier and Interface Connectors/(X=4.350 ", Y=1.350 ");             
| P12        CONN_5X2    Loc /Amplifier and Interface Connectors/(X=4.350 ", Y=2.350 ");             
| P13        CONN_5X2    Loc /Amplifier and Interface Connectors/(X=4.350 ", Y=3.350 ");             
| P14        CONN_5X2    Loc /Amplifier and Interface Connectors/(X=4.350 ", Y=4.350 ");             
| P15        CONN_5X2    Loc /Amplifier and Interface Connectors/(X=4.350 ", Y=5.350 ");             
| P16        CONN_5X2    Loc /Amplifier and Interface Connectors/(X=4.350 ", Y=6.350 ");             
| P17        IODA        Loc /(X=7.650 ", Y=3.050 ");             
| P18        IOPA        Loc /(X=8.450 ", Y=3.050 ");             
| P19        IODB        Loc /(X=7.650 ", Y=3.550 ");             
| P20        IOPB        Loc /(X=8.450 ", Y=3.550 ");             
| P21        CONN_5X2    Loc /Amplifier and Interface Connectors/(X=9.400 ", Y=1.350 ");             
| P22        CONN_5X2    Loc /Amplifier and Interface Connectors/(X=9.400 ", Y=2.350 ");             
| P23        CONN_5X2    Loc /Amplifier and Interface Connectors/(X=9.400 ", Y=3.400 ");             
| P24        CONN_5X2    Loc /Amplifier and Interface Connectors/(X=9.400 ", Y=4.350 ");             
| P25        CONN_5X2    Loc /Amplifier and Interface Connectors/(X=9.400 ", Y=5.350 ");             
| P26        CONN_5X2    Loc /Amplifier and Interface Connectors/(X=9.400 ", Y=6.350 ");             
| P27        IODC        Loc /(X=7.650 ", Y=5.050 ");             
| P28        IOPC        Loc /(X=8.450 ", Y=5.050 ");             
| P29        IODD        Loc /(X=7.650 ", Y=4.550 ");             
| P30        IOPD        Loc /(X=8.450 ", Y=4.550 ");             
| P31        IP          Loc /(X=8.700 ", Y=3.550 ");             
| P32        ID          Loc /(X=9.500 ", Y=3.550 ");             
| P33        OP          Loc /(X=8.700 ", Y=4.550 ");             
| P34        OD          Loc /(X=9.500 ", Y=4.550 ");             
| P35        DIL6        Loc /BeagleBone and Cape/(X=7.400 ", Y=6.500 ");             
| P36        CONN_5X2    Loc /Amplifier and Interface Connectors/(X=1.350 ", Y=2.250 ");             
| P37        CONN_5X2    Loc /Amplifier and Interface Connectors/(X=1.350 ", Y=4.350 ");             
| P38        CONN_5X2    Loc /Amplifier and Interface Connectors/(X=1.850 ", Y=6.950 ");             
| P39        CONN_3      Loc /(X=13.200 ", Y=1.600 ");             
| Q1         PNP         Loc /(X=1.450 ", Y=5.950 ");             
| R1         1.5K        Loc /(X=2.150 ", Y=1.700 ");             
| R2         10K         Loc /(X=3.850 ", Y=2.000 ");             
| R3         100         Loc /(X=3.750 ", Y=6.100 ");             
| R4         5.6K        Loc /BeagleBone and Cape/(X=7.850 ", Y=5.900 ");             
| R5         5.6K        Loc /BeagleBone and Cape/(X=8.000 ", Y=5.900 ");             
| R6         5.6K        Loc /BeagleBone and Cape/(X=8.150 ", Y=5.900 ");             
| R7         5.6K        Loc /BeagleBone and Cape/(X=9.600 ", Y=5.900 ");             
| R8         5.6K        Loc /BeagleBone and Cape/(X=10.150 ", Y=5.900 ");             
| R9         5.6K        Loc /BeagleBone and Cape/(X=10.300 ", Y=5.900 ");             
| R11        R           Loc /(X=11.950 ", Y=2.200 ");             
| U1         ADAU144X    Loc /(X=3.900 ", Y=4.050 ");             
| U2         UDA1338H    Loc /(X=11.950 ", Y=4.000 ");             
| U3         ATMEGA328P-ALoc /(X=14.350 ", Y=8.000 ");             
| U4         24C256      Loc /BeagleBone and Cape/(X=8.900 ", Y=6.600 ");             
| U5         MAX4519     Loc /(X=4.000 ", Y=9.000 ");             
| U6         MAX4519     Loc /(X=6.400 ", Y=9.000 ");             
| X1         CRYSTAL     Loc /(X=3.450 ", Y=6.500 ");             
#End Cmp

#Cmp ( order = Value ) (with SubCmp)
| 22pF         C20       Loc /(X=3.150 ", Y=6.850 ");             
| 22pF         C21       Loc /(X=3.750 ", Y=6.850 ");             
| 1.8nF        C2        Loc /(X=1.950 ", Y=2.100 ");             
| 33nF         C1        Loc /(X=2.400 ", Y=1.900 ");             
| 100nF        C3        Loc /(X=1.500 ", Y=2.400 ");             
| 100nF        C4        Loc /(X=0.900 ", Y=2.700 ");             
| 100nF        C5        Loc /(X=0.900 ", Y=2.900 ");             
| 100nF        C6        Loc /(X=0.900 ", Y=3.150 ");             
| 100nF        C7        Loc /(X=0.900 ", Y=3.300 ");             
| 100nF        C8        Loc /(X=0.900 ", Y=3.500 ");             
| 100nF        C9        Loc /(X=0.900 ", Y=3.650 ");             
| 100nF        C10       Loc /(X=0.900 ", Y=3.850 ");             
| 100nF        C11       Loc /(X=0.900 ", Y=4.100 ");             
| 100nF        C12       Loc /(X=0.900 ", Y=4.250 ");             
| 100nF        C13       Loc /(X=0.900 ", Y=4.450 ");             
| 100nF        C14       Loc /(X=0.900 ", Y=4.700 ");             
| 100nF        C15       Loc /(X=0.900 ", Y=4.850 ");             
| 100nF        C16       Loc /(X=0.900 ", Y=5.050 ");             
| 100nF        C17       Loc /(X=0.900 ", Y=5.200 ");             
| 100nF        C18       Loc /(X=0.900 ", Y=5.400 ");             
| 100nF        C22       Loc /BeagleBone and Cape/(X=9.100 ", Y=5.950 ");             
| 10uF         C19       Loc /(X=0.950 ", Y=6.050 ");             
| Bone_P8      P1        Loc /BeagleBone and Cape/(X=2.850 ", Y=2.800 ");             
| Bone_P9      P2        Loc /BeagleBone and Cape/(X=6.150 ", Y=2.800 ");             
| Cape_P8      P3        Loc /BeagleBone and Cape/(X=2.850 ", Y=5.400 ");             
| Cape_P9      P4        Loc /BeagleBone and Cape/(X=6.150 ", Y=5.400 ");             
| CONN_5X2     P5        Loc /Amplifier and Interface Connectors/(X=2.750 ", Y=1.350 ");             
| CONN_5X2     P6        Loc /Amplifier and Interface Connectors/(X=2.750 ", Y=2.350 ");             
| CONN_5X2     P7        Loc /Amplifier and Interface Connectors/(X=2.750 ", Y=3.350 ");             
| CONN_5X2     P8        Loc /Amplifier and Interface Connectors/(X=2.750 ", Y=4.350 ");             
| CONN_5X2     P9        Loc /Amplifier and Interface Connectors/(X=2.750 ", Y=5.350 ");             
| CONN_5X2     P10       Loc /Amplifier and Interface Connectors/(X=2.750 ", Y=6.350 ");             
| CONN_5X2     P11       Loc /Amplifier and Interface Connectors/(X=4.350 ", Y=1.350 ");             
| CONN_5X2     P12       Loc /Amplifier and Interface Connectors/(X=4.350 ", Y=2.350 ");             
| CONN_5X2     P13       Loc /Amplifier and Interface Connectors/(X=4.350 ", Y=3.350 ");             
| CONN_5X2     P14       Loc /Amplifier and Interface Connectors/(X=4.350 ", Y=4.350 ");             
| CONN_5X2     P15       Loc /Amplifier and Interface Connectors/(X=4.350 ", Y=5.350 ");             
| CONN_5X2     P16       Loc /Amplifier and Interface Connectors/(X=4.350 ", Y=6.350 ");             
| IODA         P17       Loc /(X=7.650 ", Y=3.050 ");             
| IOPA         P18       Loc /(X=8.450 ", Y=3.050 ");             
| IODB         P19       Loc /(X=7.650 ", Y=3.550 ");             
| IOPB         P20       Loc /(X=8.450 ", Y=3.550 ");             
| CONN_5X2     P21       Loc /Amplifier and Interface Connectors/(X=9.400 ", Y=1.350 ");             
| CONN_5X2     P22       Loc /Amplifier and Interface Connectors/(X=9.400 ", Y=2.350 ");             
| CONN_5X2     P23       Loc /Amplifier and Interface Connectors/(X=9.400 ", Y=3.400 ");             
| CONN_5X2     P24       Loc /Amplifier and Interface Connectors/(X=9.400 ", Y=4.350 ");             
| CONN_5X2     P25       Loc /Amplifier and Interface Connectors/(X=9.400 ", Y=5.350 ");             
| CONN_5X2     P26       Loc /Amplifier and Interface Connectors/(X=9.400 ", Y=6.350 ");             
| IODC         P27       Loc /(X=7.650 ", Y=5.050 ");             
| IOPC         P28       Loc /(X=8.450 ", Y=5.050 ");             
| IODD         P29       Loc /(X=7.650 ", Y=4.550 ");             
| IOPD         P30       Loc /(X=8.450 ", Y=4.550 ");             
| IP           P31       Loc /(X=8.700 ", Y=3.550 ");             
| ID           P32       Loc /(X=9.500 ", Y=3.550 ");             
| OP           P33       Loc /(X=8.700 ", Y=4.550 ");             
| OD           P34       Loc /(X=9.500 ", Y=4.550 ");             
| DIL6         P35       Loc /BeagleBone and Cape/(X=7.400 ", Y=6.500 ");             
| CONN_5X2     P36       Loc /Amplifier and Interface Connectors/(X=1.350 ", Y=2.250 ");             
| CONN_5X2     P37       Loc /Amplifier and Interface Connectors/(X=1.350 ", Y=4.350 ");             
| CONN_5X2     P38       Loc /Amplifier and Interface Connectors/(X=1.850 ", Y=6.950 ");             
| CONN_3       P39       Loc /(X=13.200 ", Y=1.600 ");             
| PNP          Q1        Loc /(X=1.450 ", Y=5.950 ");             
| 100          R3        Loc /(X=3.750 ", Y=6.100 ");             
| 1.5K         R1        Loc /(X=2.150 ", Y=1.700 ");             
| 5.6K         R4        Loc /BeagleBone and Cape/(X=7.850 ", Y=5.900 ");             
| 5.6K         R5        Loc /BeagleBone and Cape/(X=8.000 ", Y=5.900 ");             
| 5.6K         R6        Loc /BeagleBone and Cape/(X=8.150 ", Y=5.900 ");             
| 5.6K         R7        Loc /BeagleBone and Cape/(X=9.600 ", Y=5.900 ");             
| 5.6K         R8        Loc /BeagleBone and Cape/(X=10.150 ", Y=5.900 ");             
| 5.6K         R9        Loc /BeagleBone and Cape/(X=10.300 ", Y=5.900 ");             
| 10K          R2        Loc /(X=3.850 ", Y=2.000 ");             
| R            R11       Loc /(X=11.950 ", Y=2.200 ");             
| ADAU144X     U1        Loc /(X=3.900 ", Y=4.050 ");             
| UDA1338H     U2        Loc /(X=11.950 ", Y=4.000 ");             
| 24C256       U4        Loc /BeagleBone and Cape/(X=8.900 ", Y=6.600 ");             
| MAX4519      U5        Loc /(X=4.000 ", Y=9.000 ");             
| MAX4519      U6        Loc /(X=6.400 ", Y=9.000 ");             
| ATMEGA328P-A U3        Loc /(X=14.350 ", Y=8.000 ");             
| CRYSTAL      X1        Loc /(X=3.450 ", Y=6.500 ");             
#End Cmp

#End List
